Microchip MPLAB XC8 Compiler V2.30

Linker command line:

-W-3 --edf=C:\Program Files\Microchip\xc8\v2.30\pic\dat\en_msgs.txt -cn \
  -h+dist/default/production\batch.X.production.sym \
  --cmf=dist/default/production\batch.X.production.cmf -z -Q16F877A \
  -oC:\Users\DAVID\AppData\Local\Temp\sf88x2 --defsym=__MPLAB_BUILD=1 \
  -Mdist/default/production/batch.X.production.map -E1 -ver=XC8 Compiler \
  --acfsm=1493 -ASTACK=0110h-016Fh -pstack=STACK -ACODE=00h-07FFhx4 \
  -ASTRCODE=00h-01FFFh -ASTRING=00h-0FFhx32 -ACONST=00h-0FFhx32 \
  -AENTRY=00h-0FFhx32 -ACOMMON=070h-07Fh -ABANK0=020h-06Fh \
  -ABANK1=0A0h-0EFh -ABANK2=0110h-016Fh -ABANK3=0190h-01EFh \
  -ARAM=020h-06Fh,0A0h-0EFh,0110h-016Fh,0190h-01EFh \
  -AABS1=020h-07Fh,0A0h-0EFh,0110h-016Fh,0190h-01EFh -ASFR0=00h-01Fh \
  -ASFR1=080h-09Fh -ASFR2=0100h-010Fh -ASFR3=0180h-018Fh \
  -ACONFIG=02007h-02007h -DCONFIG=2 -AIDLOC=02000h-02003h -DIDLOC=2 \
  -AEEDATA=00h-0FFh/02100h -peeprom_data=EEDATA -DEEDATA=2 -DCODE=2 \
  -DSTRCODE=2 -DSTRING=2 -DCONST=2 -DENTRY=2 \
  -preset_vec=00h,intentry=04h,init,end_init -ppowerup=CODE -pcinit=CODE \
  -pfunctab=ENTRY -k C:\Users\DAVID\AppData\Local\Temp\sf88xb.o \
  dist/default/production\batch.X.production.o 

Object code version is 3.11

Machine type is 16F877A



                Name                               Link     Load   Length Selector   Space Scale
C:\Users\DAVID\AppData\Local\Temp\sf88xb.o
                end_init                              C        C        3        8       0
                reset_vec                             0        0        3        0       0
                config                             2007     2007        1        0       4
dist/default/production\batch.X.production.o
                cinit                                 F        F       1B        8       0
                intentry                              4        4        8        8       0
                config                             2007     2007        1        0       4
                text12                              9B2      9B2       12     1364       0
                text11                              6F1      6F1       BC        8       0
                text10                              9EB      9EB       37     13D6       0
                text9                               AB4      AB4       A4     1568       0
                text8                               7AD      7AD       4E        8       0
                text7                                2A       2A      366        8       0
                text6                               E23      E23      1DD     1C46       0
                text5                               9C4      9C4       27     1388       0
                text4                               390      390      361        8       0
                text3                               A22      A22       92     1444       0
                text2                               B58      B58       B9     16B0       0
                text1                               C11      C11       B9     1822       0
                maintext                            CCA      CCA      159     1994       0
                cstackBANK0                          20       20       50       20       1
                cstackCOMMON                         70       70        B       70       1
                cstackBANK1                          A0       A0       1F       A0       1
                dataBANK1                            C7       C7        2       A0       1
                bssBANK1                             BF       BF        8       A0       1
                bssCOMMON                            7B       7B        1       70       1
                idataBANK1                          7FB      7FB        2        8       0

TOTAL           Name                               Link     Load   Length     Space
        CLASS   STACK          

        CLASS   CODE           
                end_init                              C        C        3         0
                cinit                                 F        F       1B         0
                intentry                              4        4        8         0
                reset_vec                             0        0        3         0
                text12                              9B2      9B2       12         0
                text11                              6F1      6F1       BC         0
                text10                              9EB      9EB       37         0
                text9                               AB4      AB4       A4         0
                text8                               7AD      7AD       4E         0
                text7                                2A       2A      366         0
                text6                               E23      E23      1DD         0
                text5                               9C4      9C4       27         0
                text4                               390      390      361         0
                text3                               A22      A22       92         0
                text2                               B58      B58       B9         0
                text1                               C11      C11       B9         0
                maintext                            CCA      CCA      159         0
                idataBANK1                          7FB      7FB        2         0

        CLASS   STRCODE        

        CLASS   STRING         

        CLASS   CONST          

        CLASS   ENTRY          

        CLASS   COMMON         
                cstackCOMMON                         70       70        B         1
                bssCOMMON                            7B       7B        1         1

        CLASS   BANK0          
                cstackBANK0                          20       20       50         1

        CLASS   BANK1          
                cstackBANK1                          A0       A0       1F         1
                dataBANK1                            C7       C7        2         1
                bssBANK1                             BF       BF        8         1

        CLASS   BANK2          

        CLASS   BANK3          

        CLASS   RAM            

        CLASS   ABS1           
                abs_s1                               7E       7E        2         1

        CLASS   SFR0           

        CLASS   SFR1           

        CLASS   SFR2           

        CLASS   SFR3           

        CLASS   CONFIG         
                config                             2007     2007        1         4

        CLASS   IDLOC          

        CLASS   EEDATA         



SEGMENTS        Name                           Load    Length   Top    Selector   Space  Class     Delta

                reset_vec                      000000  000003  000003         0       0  CODE        2
                intentry                       000004  0007F9  0007FD         8       0  CODE        2
                cstackBANK0                    000020  000050  000070        20       1  BANK0       1
                cstackCOMMON                   000070  00000C  00007C        70       1  COMMON      1
                cstackBANK1                    0000A0  000029  0000C9        A0       1  BANK1       1
                text12                         0009B2  000012  0009C4      1364       0  CODE        2
                text5                          0009C4  000027  0009EB      1388       0  CODE        2
                text10                         0009EB  000037  000A22      13D6       0  CODE        2
                text3                          000A22  000092  000AB4      1444       0  CODE        2
                text9                          000AB4  0000A4  000B58      1568       0  CODE        2
                text2                          000B58  0000B9  000C11      16B0       0  CODE        2
                text1                          000C11  0000B9  000CCA      1822       0  CODE        2
                maintext                       000CCA  000159  000E23      1994       0  CODE        2
                text6                          000E23  0001DD  001000      1C46       0  CODE        2


UNUSED ADDRESS RANGES

        Name                Unused          Largest block    Delta
        BANK1            00C9-00EF             27           1
        BANK2            0110-016F             60           1
        BANK3            0190-01EF             60           1
        CODE             0003-0003              1           2
                         07FD-09B1              3
                         1000-1FFF            800
        COMMON           007C-007D              2           1
        CONST            0003-0003              1           2
                         07FD-09B1            100
                         1000-1FFF            100
        EEDATA           2100-21FF            100           2
        ENTRY            0003-0003              1           2
                         07FD-09B1            100
                         1000-1FFF            100
        IDLOC            2000-2003              4           2
        RAM              00C9-00EF             27           1
                         0110-016F             60
                         0190-01EF             60
        SFR0             0000-001F             20           1
        SFR1             0080-009F             20           1
        SFR2             0100-010F             10           1
        SFR3             0180-018F             10           1
        STACK            0110-016F             60           1
        STRCODE          0003-0003              1           2
                         07FD-09B1            1B5
                         1000-1FFF           1000
        STRING           0003-0003              1           2
                         07FD-09B1            100
                         1000-1FFF            100

                                  Symbol Table

?__Umul8_16                cstackCOMMON 0072
?___fladd                  cstackBANK0  0062
?___fldiv                  cstackBANK0  0048
?___flmul                  cstackBANK0  002E
?___fltol                  cstackBANK1  00A8
?___xxtofl                 cstackBANK0  0020
?_readADC                  cstackCOMMON 0072
_ADCON1                    (abs)        009F
_ADCS0                     (abs)        00FE
_ADCS1                     (abs)        00FF
_ADON                      (abs)        00F8
_ADRESH                    (abs)        001E
_ADRESL                    (abs)        009E
_CCP1CON                   (abs)        0017
_CCP2CON                   (abs)        001D
_CCPR1L                    (abs)        0015
_CCPR2L                    (abs)        001B
_CHS0                      (abs)        00FB
_CHS1                      (abs)        00FC
_CHS2                      (abs)        00FD
_GIE                       (abs)        005F
_GO_nDONE                  (abs)        00FA
_ISR                       text12       09B2
_OPTION_REG                (abs)        0081
_PEIE                      (abs)        005E
_PR2                       (abs)        0092
_TMR0IE                    (abs)        005D
_TMR0IF                    (abs)        005A
_TMR2ON                    (abs)        0092
_TRISC1                    (abs)        0439
_TRISC2                    (abs)        043A
__Habs1                    abs1         0000
__Hbank0                   bank0        0000
__Hbank1                   bank1        0000
__Hbank2                   bank2        0000
__Hbank3                   bank3        0000
__HbssBANK1                bssBANK1     0000
__HbssCOMMON               bssCOMMON    0000
__Hcinit                   cinit        002A
__Hclrtext                 clrtext      0000
__Hcode                    code         0000
__Hcommon                  common       0000
__Hconfig                  config       2008
__HcstackBANK0             cstackBANK0  0000
__HcstackBANK1             cstackBANK1  0000
__HcstackCOMMON            cstackCOMMON 0000
__HdataBANK1               dataBANK1    0000
__Heeprom_data             eeprom_data  0000
__Hend_init                end_init     000F
__Hfunctab                 functab      0000
__HidataBANK1              idataBANK1   0000
__Hinit                    init         000C
__Hintentry                intentry     000C
__Hmaintext                maintext     0000
__Hpowerup                 powerup      0000
__Hram                     ram          0000
__Hreset_vec               reset_vec    0003
__Hsfr0                    sfr0         0000
__Hsfr1                    sfr1         0000
__Hsfr2                    sfr2         0000
__Hsfr3                    sfr3         0000
__Hspace_0                 (abs)        1000
__Hspace_1                 (abs)        00C9
__Hspace_2                 (abs)        0000
__Hspace_3                 (abs)        0000
__Hspace_4                 (abs)        400F
__Hstack                   stack        0000
__Hstrings                 strings      0000
__Htext                    text         0000
__Labs1                    abs1         0000
__Lbank0                   bank0        0000
__Lbank1                   bank1        0000
__Lbank2                   bank2        0000
__Lbank3                   bank3        0000
__LbssBANK1                bssBANK1     0000
__LbssCOMMON               bssCOMMON    0000
__Lcinit                   cinit        000F
__Lclrtext                 clrtext      0000
__Lcode                    code         0000
__Lcommon                  common       0000
__Lconfig                  config       0000
__LcstackBANK0             cstackBANK0  0000
__LcstackBANK1             cstackBANK1  0000
__LcstackCOMMON            cstackCOMMON 0000
__LdataBANK1               dataBANK1    0000
__Leeprom_data             eeprom_data  0000
__Lend_init                end_init     000C
__Lfunctab                 functab      0000
__LidataBANK1              idataBANK1   0000
__Linit                    init         000C
__Lintentry                intentry     0004
__Lmaintext                maintext     0000
__Lpowerup                 powerup      0000
__Lram                     ram          0000
__Lreset_vec               reset_vec    0000
__Lsfr0                    sfr0         0000
__Lsfr1                    sfr1         0000
__Lsfr2                    sfr2         0000
__Lsfr3                    sfr3         0000
__Lspace_0                 (abs)        0000
__Lspace_1                 (abs)        0000
__Lspace_2                 (abs)        0000
__Lspace_3                 (abs)        0000
__Lspace_4                 (abs)        0000
__Lstack                   stack        0000
__Lstrings                 strings      0000
__Ltext                    text         0000
__S0                       (abs)        1000
__S1                       (abs)        00C9
__S2                       (abs)        0000
__S3                       (abs)        0000
__Umul8_16                 text5        09C4
__Umul8_16@multiplicand    cstackCOMMON 0072
__Umul8_16@multiplier      cstackCOMMON 007A
__Umul8_16@product         cstackCOMMON 0076
__Umul8_16@word_mpld       cstackCOMMON 0078
___fladd                   text7        002A
___fladd@a                 cstackBANK0  0066
___fladd@aexp              cstackBANK0  006B
___fladd@b                 cstackBANK0  0062
___fladd@bexp              cstackBANK0  006C
___fladd@grs               cstackBANK0  006D
___fladd@signs             cstackBANK0  006A
___fldiv                   text6        0E23
___fldiv@a                 cstackBANK0  0048
___fldiv@aexp              cstackBANK0  0061
___fldiv@b                 cstackBANK0  004C
___fldiv@bexp              cstackBANK0  0060
___fldiv@grs               cstackBANK0  005C
___fldiv@new_exp           cstackBANK0  005A
___fldiv@rem               cstackBANK0  0055
___fldiv@sign              cstackBANK0  0059
___flge                    text9        0AB4
___flge@ff1                cstackCOMMON 0072
___flge@ff2                cstackCOMMON 0076
___flmul                   text4        0390
___flmul@a                 cstackBANK0  0032
___flmul@aexp              cstackBANK0  0040
___flmul@b                 cstackBANK0  002E
___flmul@bexp              cstackBANK0  0041
___flmul@grs               cstackBANK0  003C
___flmul@prod              cstackBANK0  0042
___flmul@sign              cstackBANK0  003B
___flmul@temp              cstackBANK0  0046
___fltol                   text3        0A22
___fltol@exp1              cstackBANK0  006F
___fltol@f1                cstackBANK1  00A8
___fltol@sign1             cstackBANK0  006E
___int_sp                  stack        0000
___latbits                 (abs)        0002
___sp                      stack        0000
___stackhi                 (abs)        0000
___stacklo                 (abs)        0000
___xxtofl                  text11       06F1
___xxtofl@arg              cstackBANK0  002A
___xxtofl@exp              cstackBANK0  0029
___xxtofl@sign             cstackBANK0  0028
___xxtofl@val              cstackBANK0  0020
__end_of_ISR               text12       09C4
__end_of__Umul8_16         text5        09EB
__end_of___fladd           text7        0390
__end_of___fldiv           text6        1000
__end_of___flge            text9        0B58
__end_of___flmul           text4        06F1
__end_of___fltol           text3        0AB4
__end_of___xxtofl          text11       07AD
__end_of__initialization   cinit        0026
__end_of_main              maintext     0E23
__end_of_readADC           text10       0A22
__end_of_regulate_voltage  text8        07FB
__end_of_startPWM1         text2        0C11
__end_of_startPWM2         text1        0CCA
__initialization           cinit        000F
__pbssBANK1                bssBANK1     00BF
__pbssCOMMON               bssCOMMON    007B
__pcstackBANK0             cstackBANK0  0020
__pcstackBANK1             cstackBANK1  00A0
__pcstackCOMMON            cstackCOMMON 0070
__pdataBANK1               dataBANK1    00C7
__pidataBANK1              idataBANK1   07FB
__pintentry                intentry     0004
__pmaintext                maintext     0CCA
__ptext1                   text1        0C11
__ptext10                  text10       09EB
__ptext11                  text11       06F1
__ptext12                  text12       09B2
__ptext2                   text2        0B58
__ptext3                   text3        0A22
__ptext4                   text4        0390
__ptext5                   text5        09C4
__ptext6                   text6        0E23
__ptext7                   text7        002A
__ptext8                   text8        07AD
__ptext9                   text9        0AB4
__size_of_ISR              (abs)        0000
__size_of__Umul8_16        (abs)        0000
__size_of___fladd          (abs)        0000
__size_of___fldiv          (abs)        0000
__size_of___flge           (abs)        0000
__size_of___flmul          (abs)        0000
__size_of___fltol          (abs)        0000
__size_of___xxtofl         (abs)        0000
__size_of_main             (abs)        0000
__size_of_readADC          (abs)        0000
__size_of_regulate_voltage (abs)        0000
__size_of_startPWM1        (abs)        0000
__size_of_startPWM2        (abs)        0000
_battery_current           bssBANK1     00C3
_feedback_voltage          bssBANK1     00BF
_main                      maintext     0CCA
_main$692                  cstackBANK1  00BB
_pwm_freq                  dataBANK1    00C7
_readADC                   text10       09EB
_regulate_voltage          text8        07AD
_rv                        bssCOMMON    007B
_startPWM1                 text2        0B58
_startPWM2                 text1        0C11
btemp                      (abs)        007E
end_of_initialization      cinit        0026
interrupt_function         intentry     0004
intlevel0                  functab      0000
intlevel1                  functab      0000
intlevel2                  functab      0000
intlevel3                  functab      0000
intlevel4                  functab      0000
intlevel5                  functab      0000
readADC@ADCpin             cstackCOMMON 007A
readADC@res                cstackCOMMON 0078
reset_vec                  reset_vec    0000
saved_w                    (abs)        007E
start                      init         000C
startPWM1@duty             cstackBANK1  00B5
startPWM1@freq             cstackBANK1  00B1
startPWM1@periodt          cstackBANK1  00B7
startPWM2@duty             cstackBANK1  00B5
startPWM2@freq             cstackBANK1  00B1
startPWM2@periodt          cstackBANK1  00B7
start_initialization       cinit        000F
wtemp0                     (abs)        007E


FUNCTION INFORMATION:

 *************** function _main *****************
 Defined at:
		line 66 in file "batch.c"
 Parameters:    Size  Location     Type
		None
 Auto vars:     Size  Location     Type
		None
 Return value:  Size  Location     Type
                  1    wreg      void 
 Registers used:
		wreg, status,2, status,0, btemp+1, pclath, cstack
 Tracked objects:
		On entry : 
		On exit  : 
		Unchanged: 
 Data sizes:     COMMON   BANK0   BANK1   BANK3   BANK2
      Params:         0       0       0       0       0
      Locals:         0       0       4       0       0
      Temps:          0       0       0       0       0
      Totals:         0       0       4       0       0
Total ram usage:        4 bytes
 Hardware stack levels required when called:    4
 This function calls:
		___flmul
		___xxtofl
		_readADC
		_regulate_voltage
		_startPWM1
		_startPWM2
 This function is called by:
		Startup code after reset
 This function uses a non-reentrant model


 *************** function _startPWM2 *****************
 Defined at:
		line 47 in file "batch.c"
 Parameters:    Size  Location     Type
  freq            4   17[BANK1 ] float 
  duty            2   21[BANK1 ] int 
 Auto vars:     Size  Location     Type
  periodt         4   23[BANK1 ] float 
 Return value:  Size  Location     Type
                  1    wreg      void 
 Registers used:
		wreg, status,2, status,0, btemp+1, pclath, cstack
 Tracked objects:
		On entry : 
		On exit  : 
		Unchanged: 
 Data sizes:     COMMON   BANK0   BANK1   BANK3   BANK2
      Params:         0       0       6       0       0
      Locals:         0       0       4       0       0
      Temps:          0       0       0       0       0
      Totals:         0       0      10       0       0
Total ram usage:       10 bytes
 Hardware stack levels used:    1
 Hardware stack levels required when called:    3
 This function calls:
		___fladd
		___fldiv
		___flmul
		___fltol
 This function is called by:
		_main
 This function uses a non-reentrant model


 *************** function _startPWM1 *****************
 Defined at:
		line 40 in file "batch.c"
 Parameters:    Size  Location     Type
  freq            4   17[BANK1 ] float 
  duty            2   21[BANK1 ] int 
 Auto vars:     Size  Location     Type
  periodt         4   23[BANK1 ] float 
 Return value:  Size  Location     Type
                  1    wreg      void 
 Registers used:
		wreg, status,2, status,0, btemp+1, pclath, cstack
 Tracked objects:
		On entry : 
		On exit  : 
		Unchanged: 
 Data sizes:     COMMON   BANK0   BANK1   BANK3   BANK2
      Params:         0       0       6       0       0
      Locals:         0       0       4       0       0
      Temps:          0       0       0       0       0
      Totals:         0       0      10       0       0
Total ram usage:       10 bytes
 Hardware stack levels used:    1
 Hardware stack levels required when called:    3
 This function calls:
		___fladd
		___fldiv
		___flmul
		___fltol
 This function is called by:
		_main
 This function uses a non-reentrant model


 *************** function ___fltol *****************
 Defined at:
		line 43 in file "C:\Program Files\Microchip\xc8\v2.30\pic\sources\c90\common\fltol.c"
 Parameters:    Size  Location     Type
  f1              4    8[BANK1 ] void 
 Auto vars:     Size  Location     Type
  exp1            1   79[BANK0 ] unsigned char 
  sign1           1   78[BANK0 ] unsigned char 
 Return value:  Size  Location     Type
                  4    8[BANK1 ] long 
 Registers used:
		wreg, status,2, status,0
 Tracked objects:
		On entry : 
		On exit  : 
		Unchanged: 
 Data sizes:     COMMON   BANK0   BANK1   BANK3   BANK2
      Params:         0       0       4       0       0
      Locals:         0       2       0       0       0
      Temps:          0       0       5       0       0
      Totals:         0       2       9       0       0
Total ram usage:       11 bytes
 Hardware stack levels used:    1
 Hardware stack levels required when called:    1
 This function calls:
		Nothing
 This function is called by:
		_startPWM1
		_startPWM2
 This function uses a non-reentrant model


 *************** function ___flmul *****************
 Defined at:
		line 8 in file "C:\Program Files\Microchip\xc8\v2.30\pic\sources\c90\common\sprcmul.c"
 Parameters:    Size  Location     Type
  b               4   14[BANK0 ] long 
  a               4   18[BANK0 ] long 
 Auto vars:     Size  Location     Type
  prod            4   34[BANK0 ] struct .
  grs             4   28[BANK0 ] unsigned long 
  temp            2   38[BANK0 ] struct .
  bexp            1   33[BANK0 ] unsigned char 
  aexp            1   32[BANK0 ] unsigned char 
  sign            1   27[BANK0 ] unsigned char 
 Return value:  Size  Location     Type
                  4   14[BANK0 ] unsigned char 
 Registers used:
		wreg, status,2, status,0, btemp+1, pclath, cstack
 Tracked objects:
		On entry : 
		On exit  : 
		Unchanged: 
 Data sizes:     COMMON   BANK0   BANK1   BANK3   BANK2
      Params:         0       8       0       0       0
      Locals:         0      13       0       0       0
      Temps:          0       5       0       0       0
      Totals:         0      26       0       0       0
Total ram usage:       26 bytes
 Hardware stack levels used:    1
 Hardware stack levels required when called:    2
 This function calls:
		__Umul8_16
 This function is called by:
		_startPWM1
		_startPWM2
		_main
 This function uses a non-reentrant model


 *************** function __Umul8_16 *****************
 Defined at:
		line 4 in file "C:\Program Files\Microchip\xc8\v2.30\pic\sources\c90\common\Umul8_16.c"
 Parameters:    Size  Location     Type
  multiplier      1    wreg     unsigned char 
  multiplicand    1    2[COMMON] unsigned char 
 Auto vars:     Size  Location     Type
  multiplier      1   10[COMMON] unsigned char 
  word_mpld       2    8[COMMON] unsigned int 
  product         2    6[COMMON] unsigned int 
 Return value:  Size  Location     Type
                  2    2[COMMON] unsigned int 
 Registers used:
		wreg, status,2, status,0
 Tracked objects:
		On entry : 
		On exit  : 
		Unchanged: 
 Data sizes:     COMMON   BANK0   BANK1   BANK3   BANK2
      Params:         2       0       0       0       0
      Locals:         5       0       0       0       0
      Temps:          2       0       0       0       0
      Totals:         9       0       0       0       0
Total ram usage:        9 bytes
 Hardware stack levels used:    1
 Hardware stack levels required when called:    1
 This function calls:
		Nothing
 This function is called by:
		___flmul
 This function uses a non-reentrant model


 *************** function ___fldiv *****************
 Defined at:
		line 8 in file "C:\Program Files\Microchip\xc8\v2.30\pic\sources\c90\common\sprcdiv.c"
 Parameters:    Size  Location     Type
  a               4   40[BANK0 ] unsigned int 
  b               4   44[BANK0 ] unsigned int 
 Auto vars:     Size  Location     Type
  grs             4   60[BANK0 ] unsigned long 
  rem             4   53[BANK0 ] unsigned long 
  new_exp         2   58[BANK0 ] int 
  aexp            1   65[BANK0 ] unsigned char 
  bexp            1   64[BANK0 ] unsigned char 
  sign            1   57[BANK0 ] unsigned char 
 Return value:  Size  Location     Type
                  4   40[BANK0 ] unsigned char 
 Registers used:
		wreg, status,2, status,0, btemp+1
 Tracked objects:
		On entry : 
		On exit  : 
		Unchanged: 
 Data sizes:     COMMON   BANK0   BANK1   BANK3   BANK2
      Params:         0       8       0       0       0
      Locals:         0      13       0       0       0
      Temps:          0       5       0       0       0
      Totals:         0      26       0       0       0
Total ram usage:       26 bytes
 Hardware stack levels used:    1
 Hardware stack levels required when called:    1
 This function calls:
		Nothing
 This function is called by:
		_startPWM1
		_startPWM2
 This function uses a non-reentrant model


 *************** function ___fladd *****************
 Defined at:
		line 10 in file "C:\Program Files\Microchip\xc8\v2.30\pic\sources\c90\common\sprcadd.c"
 Parameters:    Size  Location     Type
  b               4   66[BANK0 ] unsigned char 
  a               4   70[BANK0 ] unsigned char 
 Auto vars:     Size  Location     Type
  grs             1   77[BANK0 ] unsigned char 
  bexp            1   76[BANK0 ] unsigned char 
  aexp            1   75[BANK0 ] unsigned char 
  signs           1   74[BANK0 ] unsigned char 
 Return value:  Size  Location     Type
                  4   66[BANK0 ] unsigned char 
 Registers used:
		wreg, status,2, status,0, btemp+1
 Tracked objects:
		On entry : 
		On exit  : 
		Unchanged: 
 Data sizes:     COMMON   BANK0   BANK1   BANK3   BANK2
      Params:         0       8       0       0       0
      Locals:         0       4       0       0       0
      Temps:          0       0       8       0       0
      Totals:         0      12       8       0       0
Total ram usage:       20 bytes
 Hardware stack levels used:    1
 Hardware stack levels required when called:    1
 This function calls:
		Nothing
 This function is called by:
		_startPWM1
		_startPWM2
 This function uses a non-reentrant model


 *************** function _regulate_voltage *****************
 Defined at:
		line 29 in file "batch.c"
 Parameters:    Size  Location     Type
		None
 Auto vars:     Size  Location     Type
		None
 Return value:  Size  Location     Type
                  1    wreg      void 
 Registers used:
		wreg, status,2, status,0, pclath, cstack
 Tracked objects:
		On entry : 
		On exit  : 
		Unchanged: 
 Data sizes:     COMMON   BANK0   BANK1   BANK3   BANK2
      Params:         0       0       0       0       0
      Locals:         0       0       0       0       0
      Temps:          0       0       0       0       0
      Totals:         0       0       0       0       0
Total ram usage:        0 bytes
 Hardware stack levels used:    1
 Hardware stack levels required when called:    2
 This function calls:
		___flge
 This function is called by:
		_main
 This function uses a non-reentrant model


 *************** function ___flge *****************
 Defined at:
		line 4 in file "C:\Program Files\Microchip\xc8\v2.30\pic\sources\c90\common\flge.c"
 Parameters:    Size  Location     Type
  ff1             4    2[COMMON] void 
  ff2             4    6[COMMON] void 
 Auto vars:     Size  Location     Type
		None
 Return value:  Size  Location     Type
		None               void
 Registers used:
		wreg, status,2, status,0
 Tracked objects:
		On entry : 
		On exit  : 
		Unchanged: 
 Data sizes:     COMMON   BANK0   BANK1   BANK3   BANK2
      Params:         8       0       0       0       0
      Locals:         0       0       0       0       0
      Temps:          0       4       0       0       0
      Totals:         8       4       0       0       0
Total ram usage:       12 bytes
 Hardware stack levels used:    1
 Hardware stack levels required when called:    1
 This function calls:
		Nothing
 This function is called by:
		_regulate_voltage
 This function uses a non-reentrant model


 *************** function _readADC *****************
 Defined at:
		line 54 in file "batch.c"
 Parameters:    Size  Location     Type
  ADCpin          1    wreg     unsigned char 
 Auto vars:     Size  Location     Type
  ADCpin          1   10[COMMON] unsigned char 
  res             2    8[COMMON] int 
 Return value:  Size  Location     Type
                  2    2[COMMON] int 
 Registers used:
		wreg, btemp+1
 Tracked objects:
		On entry : 
		On exit  : 
		Unchanged: 
 Data sizes:     COMMON   BANK0   BANK1   BANK3   BANK2
      Params:         2       0       0       0       0
      Locals:         3       0       0       0       0
      Temps:          4       0       0       0       0
      Totals:         9       0       0       0       0
Total ram usage:        9 bytes
 Hardware stack levels used:    1
 Hardware stack levels required when called:    1
 This function calls:
		Nothing
 This function is called by:
		_main
 This function uses a non-reentrant model


 *************** function ___xxtofl *****************
 Defined at:
		line 10 in file "C:\Program Files\Microchip\xc8\v2.30\pic\sources\c90\common\xxtofl.c"
 Parameters:    Size  Location     Type
  sign            1    wreg     unsigned char 
  val             4    0[BANK0 ] long 
 Auto vars:     Size  Location     Type
  sign            1    8[BANK0 ] unsigned char 
  arg             4   10[BANK0 ] unsigned long 
  exp             1    9[BANK0 ] unsigned char 
 Return value:  Size  Location     Type
                  4    0[BANK0 ] unsigned char 
 Registers used:
		wreg, status,2, status,0
 Tracked objects:
		On entry : 
		On exit  : 
		Unchanged: 
 Data sizes:     COMMON   BANK0   BANK1   BANK3   BANK2
      Params:         0       4       0       0       0
      Locals:         0       6       0       0       0
      Temps:          0       4       0       0       0
      Totals:         0      14       0       0       0
Total ram usage:       14 bytes
 Hardware stack levels used:    1
 Hardware stack levels required when called:    1
 This function calls:
		Nothing
 This function is called by:
		_main
 This function uses a non-reentrant model


 *************** function _ISR *****************
 Defined at:
		line 21 in file "batch.c"
 Parameters:    Size  Location     Type
		None
 Auto vars:     Size  Location     Type
		None
 Return value:  Size  Location     Type
                  1    wreg      void 
 Registers used:
		None
 Tracked objects:
		On entry : 
		On exit  : 
		Unchanged: 
 Data sizes:     COMMON   BANK0   BANK1   BANK3   BANK2
      Params:         0       0       0       0       0
      Locals:         0       0       0       0       0
      Temps:          2       0       0       0       0
      Totals:         2       0       0       0       0
Total ram usage:        2 bytes
 Hardware stack levels used:    1
 This function calls:
		Nothing
 This function is called by:
		Interrupt level 1
 This function uses a non-reentrant model



MODULE INFORMATION

Module		Function		Class		Link	Load	Size
batch.c
		_startPWM1     		CODE           	0B58	0000	185
		_startPWM2     		CODE           	0C11	0000	185
		_ISR           		CODE           	09B2	0000	18
		_main          		CODE           	0CCA	0000	345
		_regulate_voltage		CODE           	07AD	0000	78
		_readADC       		CODE           	09EB	0000	55

batch.c estimated size: 866

C:\Program Files\Microchip\xc8\v2.30\pic\sources\c90\common\sprcmul.c
		___flmul       		CODE           	0390	0000	865

C:\Program Files\Microchip\xc8\v2.30\pic\sources\c90\common\sprcmul.c estimated size: 865

C:\Program Files\Microchip\xc8\v2.30\pic\sources\c90\common\sprcdiv.c
		___fldiv       		CODE           	0E23	0000	477

C:\Program Files\Microchip\xc8\v2.30\pic\sources\c90\common\sprcdiv.c estimated size: 477

C:\Program Files\Microchip\xc8\v2.30\pic\sources\c90\common\xxtofl.c
		___xxtofl      		CODE           	06F1	0000	188

C:\Program Files\Microchip\xc8\v2.30\pic\sources\c90\common\xxtofl.c estimated size: 188

C:\Program Files\Microchip\xc8\v2.30\pic\sources\c90\common\fltol.c
		___fltol       		CODE           	0A22	0000	146

C:\Program Files\Microchip\xc8\v2.30\pic\sources\c90\common\fltol.c estimated size: 146

C:\Program Files\Microchip\xc8\v2.30\pic\sources\c90\common\sprcadd.c
		___fladd       		CODE           	002A	0000	870

C:\Program Files\Microchip\xc8\v2.30\pic\sources\c90\common\sprcadd.c estimated size: 870

shared
		__initialization		CODE           	000F	0000	23

shared estimated size: 23

C:\Program Files\Microchip\xc8\v2.30\pic\sources\c90\common\Umul8_16.c
		__Umul8_16     		CODE           	09C4	0000	39

C:\Program Files\Microchip\xc8\v2.30\pic\sources\c90\common\Umul8_16.c estimated size: 39

C:\Program Files\Microchip\xc8\v2.30\pic\sources\c90\common\flge.c
		___flge        		CODE           	0AB4	0000	164

C:\Program Files\Microchip\xc8\v2.30\pic\sources\c90\common\flge.c estimated size: 164

