Microchip MPLAB XC8 Compiler V2.30

Linker command line:

-W-3 --edf=C:\Program Files\Microchip\xc8\v2.30\pic\dat\en_msgs.txt -cn \
  -h+dist/default/production\batch.X.production.sym \
  --cmf=dist/default/production\batch.X.production.cmf -z -Q16F877A \
  -oC:\Users\DAVID\AppData\Local\Temp\sa80x2 --defsym=__MPLAB_BUILD=1 \
  -Mdist/default/production/batch.X.production.map -E1 -ver=XC8 Compiler \
  --acfsm=1493 -ASTACK=0110h-016Fh -pstack=STACK -ACODE=00h-07FFhx4 \
  -ASTRCODE=00h-01FFFh -ASTRING=00h-0FFhx32 -ACONST=00h-0FFhx32 \
  -AENTRY=00h-0FFhx32 -ACOMMON=070h-07Fh -ABANK0=020h-06Fh \
  -ABANK1=0A0h-0EFh -ABANK2=0110h-016Fh -ABANK3=0190h-01EFh \
  -ARAM=020h-06Fh,0A0h-0EFh,0110h-016Fh,0190h-01EFh \
  -AABS1=020h-07Fh,0A0h-0EFh,0110h-016Fh,0190h-01EFh -ASFR0=00h-01Fh \
  -ASFR1=080h-09Fh -ASFR2=0100h-010Fh -ASFR3=0180h-018Fh \
  -ACONFIG=02007h-02007h -DCONFIG=2 -AIDLOC=02000h-02003h -DIDLOC=2 \
  -AEEDATA=00h-0FFh/02100h -peeprom_data=EEDATA -DEEDATA=2 -DCODE=2 \
  -DSTRCODE=2 -DSTRING=2 -DCONST=2 -DENTRY=2 \
  -preset_vec=00h,intentry,init,end_init -ppowerup=CODE -pcinit=CODE \
  -pfunctab=ENTRY -k C:\Users\DAVID\AppData\Local\Temp\sa80xb.o \
  dist/default/production\batch.X.production.o 

Object code version is 3.11

Machine type is 16F877A



                Name                               Link     Load   Length Selector   Space Scale
C:\Users\DAVID\AppData\Local\Temp\sa80xb.o
                end_init                              0        0        3        0       0
                config                             2007     2007        1        0       4
dist/default/production\batch.X.production.o
                cinit                               7FC      7FC        4      FF8       0
                config                             2007     2007        1        0       4
                text7                               213      213      288      426       0
                text6                                36       36      1DD       6C       0
                text5                               E03      E03       27     1C06       0
                text4                               49B      49B      361      936       0
                text3                               E2A      E2A       7C     1C54       0
                text2                               EA6      EA6       AD     1D4C       0
                text1                               F53      F53       AD     1EA6       0
                maintext                              8        8       2E       10       0
                cstackBANK0                          20       20       4E       20       1
                cstackCOMMON                         70       70        E       70       1
                cstackBANK1                          A0       A0        A       A0       1

TOTAL           Name                               Link     Load   Length     Space
        CLASS   STACK          

        CLASS   CODE           
                end_init                              0        0        3         0
                cinit                               7FC      7FC        4         0
                text7                               213      213      288         0
                text6                                36       36      1DD         0
                text5                               E03      E03       27         0
                text4                               49B      49B      361         0
                text3                               E2A      E2A       7C         0
                text2                               EA6      EA6       AD         0
                text1                               F53      F53       AD         0
                maintext                              8        8       2E         0

        CLASS   STRCODE        

        CLASS   STRING         

        CLASS   CONST          

        CLASS   ENTRY          

        CLASS   COMMON         
                cstackCOMMON                         70       70        E         1

        CLASS   BANK0          
                cstackBANK0                          20       20       4E         1

        CLASS   BANK1          
                cstackBANK1                          A0       A0        A         1

        CLASS   BANK2          

        CLASS   BANK3          

        CLASS   RAM            

        CLASS   ABS1           
                abs_s1                               7E       7E        2         1

        CLASS   SFR0           

        CLASS   SFR1           

        CLASS   SFR2           

        CLASS   SFR3           

        CLASS   CONFIG         
                config                             2007     2007        1         4

        CLASS   IDLOC          

        CLASS   EEDATA         



SEGMENTS        Name                           Load    Length   Top    Selector   Space  Class     Delta

                reset_vec                      000000  000003  000003         0       0  CODE        2
                maintext                       000008  00002E  000036        10       0  CODE        2
                cstackBANK0                    000020  00004E  00006E        20       1  BANK0       1
                text6                          000036  0001DD  000213        6C       0  CODE        2
                cstackCOMMON                   000070  00000E  00007E        70       1  COMMON      1
                cstackBANK1                    0000A0  00000A  0000AA        A0       1  BANK1       1
                text7                          000213  000288  00049B       426       0  CODE        2
                text4                          00049B  000361  0007FC       936       0  CODE        2
                cinit                          0007FC  000004  000800       FF8       0  CODE        2
                text5                          000E03  000027  000E2A      1C06       0  CODE        2
                text3                          000E2A  00007C  000EA6      1C54       0  CODE        2
                text2                          000EA6  0000AD  000F53      1D4C       0  CODE        2
                text1                          000F53  0000AD  001000      1EA6       0  CODE        2


UNUSED ADDRESS RANGES

        Name                Unused          Largest block    Delta
        BANK0            006E-006F              2           1
        BANK1            00AA-00EF             46           1
        BANK2            0110-016F             60           1
        BANK3            0190-01EF             60           1
        CODE             0003-0007              5           2
                         0800-0E02            603
                         1000-1FFF            800
        CONST            0003-0007              5           2
                         0800-0E02            100
                         1000-1FFF            100
        EEDATA           2100-21FF            100           2
        ENTRY            0003-0007              5           2
                         0800-0E02            100
                         1000-1FFF            100
        IDLOC            2000-2003              4           2
        RAM              006E-006F              2           1
                         00AA-00EF             46
                         0110-016F             60
                         0190-01EF             60
        SFR0             0000-001F             20           1
        SFR1             0080-009F             20           1
        SFR2             0100-010F             10           1
        SFR3             0180-018F             10           1
        STACK            0110-016F             60           1
        STRCODE          0003-0007              5           2
                         0800-0E02            603
                         1000-1FFF           1000
        STRING           0003-0007              5           2
                         0800-0E02            100
                         1000-1FFF            100

                                  Symbol Table

?__Umul8_16              cstackCOMMON 0070
?___fladd                cstackBANK0  004F
?___fldiv                cstackBANK0  0035
?___flmul                cstackBANK0  0020
?___fltol                cstackBANK0  0063
_CCP1CON                 (abs)        0017
_CCP2CON                 (abs)        001D
_CCPR1L                  (abs)        0015
_CCPR2L                  (abs)        001B
_PR2                     (abs)        0092
_TMR2ON                  (abs)        0092
_TRISC1                  (abs)        0439
_TRISC2                  (abs)        043A
__Habs1                  abs1         0000
__Hbank0                 bank0        0000
__Hbank1                 bank1        0000
__Hbank2                 bank2        0000
__Hbank3                 bank3        0000
__Hcinit                 cinit        0800
__Hclrtext               clrtext      0000
__Hcode                  code         0000
__Hcommon                common       0000
__Hconfig                config       2008
__HcstackBANK0           cstackBANK0  0000
__HcstackBANK1           cstackBANK1  0000
__HcstackCOMMON          cstackCOMMON 0000
__Heeprom_data           eeprom_data  0000
__Hend_init              end_init     0003
__Hfunctab               functab      0000
__Hinit                  init         0000
__Hintentry              intentry     0000
__Hmaintext              maintext     0000
__Hpowerup               powerup      0000
__Hram                   ram          0000
__Hreset_vec             reset_vec    0000
__Hsfr0                  sfr0         0000
__Hsfr1                  sfr1         0000
__Hsfr2                  sfr2         0000
__Hsfr3                  sfr3         0000
__Hspace_0               (abs)        1000
__Hspace_1               (abs)        00AA
__Hspace_2               (abs)        0000
__Hspace_3               (abs)        0000
__Hspace_4               (abs)        400F
__Hstack                 stack        0000
__Hstrings               strings      0000
__Htext                  text         0000
__Labs1                  abs1         0000
__Lbank0                 bank0        0000
__Lbank1                 bank1        0000
__Lbank2                 bank2        0000
__Lbank3                 bank3        0000
__Lcinit                 cinit        07FC
__Lclrtext               clrtext      0000
__Lcode                  code         0000
__Lcommon                common       0000
__Lconfig                config       0000
__LcstackBANK0           cstackBANK0  0000
__LcstackBANK1           cstackBANK1  0000
__LcstackCOMMON          cstackCOMMON 0000
__Leeprom_data           eeprom_data  0000
__Lend_init              end_init     0000
__Lfunctab               functab      0000
__Linit                  init         0000
__Lintentry              intentry     0000
__Lmaintext              maintext     0000
__Lpowerup               powerup      0000
__Lram                   ram          0000
__Lreset_vec             reset_vec    0000
__Lsfr0                  sfr0         0000
__Lsfr1                  sfr1         0000
__Lsfr2                  sfr2         0000
__Lsfr3                  sfr3         0000
__Lspace_0               (abs)        0000
__Lspace_1               (abs)        0000
__Lspace_2               (abs)        0000
__Lspace_3               (abs)        0000
__Lspace_4               (abs)        0000
__Lstack                 stack        0000
__Lstrings               strings      0000
__Ltext                  text         0000
__S0                     (abs)        1000
__S1                     (abs)        00AA
__S2                     (abs)        0000
__S3                     (abs)        0000
__Umul8_16               text5        0E03
__Umul8_16@multiplicand  cstackCOMMON 0070
__Umul8_16@multiplier    cstackCOMMON 0078
__Umul8_16@product       cstackCOMMON 0074
__Umul8_16@word_mpld     cstackCOMMON 0076
___fladd                 text7        0213
___fladd@a               cstackBANK0  0053
___fladd@aexp            cstackBANK0  0060
___fladd@b               cstackBANK0  004F
___fladd@bexp            cstackBANK0  0061
___fladd@grs             cstackBANK0  0062
___fladd@signs           cstackBANK0  005F
___fldiv                 text6        0036
___fldiv@a               cstackBANK0  0035
___fldiv@aexp            cstackBANK0  004E
___fldiv@b               cstackBANK0  0039
___fldiv@bexp            cstackBANK0  004D
___fldiv@grs             cstackBANK0  0049
___fldiv@new_exp         cstackBANK0  0047
___fldiv@rem             cstackBANK0  0042
___fldiv@sign            cstackBANK0  0046
___flmul                 text4        049B
___flmul@a               cstackBANK0  0024
___flmul@aexp            cstackBANK0  002D
___flmul@b               cstackBANK0  0020
___flmul@bexp            cstackBANK0  002E
___flmul@grs             cstackBANK0  0029
___flmul@prod            cstackBANK0  002F
___flmul@sign            cstackBANK0  0028
___flmul@temp            cstackBANK0  0033
___fltol                 text3        0E2A
___fltol@exp1            cstackBANK0  006D
___fltol@f1              cstackBANK0  0063
___fltol@sign1           cstackBANK0  006C
___int_sp                stack        0000
___latbits               (abs)        0002
___sp                    stack        0000
___stackhi               (abs)        0000
___stacklo               (abs)        0000
__end_of__Umul8_16       text5        0E2A
__end_of___fladd         text7        049B
__end_of___fldiv         text6        0213
__end_of___flmul         text4        07FC
__end_of___fltol         text3        0EA6
__end_of__initialization cinit        07FC
__end_of_main            maintext     0036
__end_of_startPWM1       text2        0F53
__end_of_startPWM2       text1        1000
__initialization         cinit        07FC
__pcstackBANK0           cstackBANK0  0020
__pcstackBANK1           cstackBANK1  00A0
__pcstackCOMMON          cstackCOMMON 0070
__pmaintext              maintext     0008
__ptext1                 text1        0F53
__ptext2                 text2        0EA6
__ptext3                 text3        0E2A
__ptext4                 text4        049B
__ptext5                 text5        0E03
__ptext6                 text6        0036
__ptext7                 text7        0213
__size_of__Umul8_16      (abs)        0000
__size_of___fladd        (abs)        0000
__size_of___fldiv        (abs)        0000
__size_of___flmul        (abs)        0000
__size_of___fltol        (abs)        0000
__size_of_main           (abs)        0000
__size_of_startPWM1      (abs)        0000
__size_of_startPWM2      (abs)        0000
_main                    maintext     0008
_startPWM1               text2        0EA6
_startPWM2               text1        0F53
btemp                    (abs)        007E
end_of_initialization    cinit        07FC
intlevel0                functab      0000
intlevel1                functab      0000
intlevel2                functab      0000
intlevel3                functab      0000
intlevel4                functab      0000
intlevel5                functab      0000
reset_vec                reset_vec    0000
start                    init         0000
startPWM1@duty           cstackBANK1  00A4
startPWM1@freq           cstackBANK1  00A0
startPWM1@periodt        cstackBANK1  00A6
startPWM2@duty           cstackBANK1  00A4
startPWM2@freq           cstackBANK1  00A0
startPWM2@periodt        cstackBANK1  00A6
start_initialization     cinit        07FC
wtemp0                   (abs)        007E


FUNCTION INFORMATION:

 *************** function _main *****************
 Defined at:
		line 29 in file "batch.c"
 Parameters:    Size  Location     Type
		None
 Auto vars:     Size  Location     Type
		None
 Return value:  Size  Location     Type
                  1    wreg      void 
 Registers used:
		wreg, status,2, status,0, btemp+1, pclath, cstack
 Tracked objects:
		On entry : 
		On exit  : 
		Unchanged: 
 Data sizes:     COMMON   BANK0   BANK1   BANK3   BANK2
      Params:         0       0       0       0       0
      Locals:         0       0       0       0       0
      Temps:          0       0       0       0       0
      Totals:         0       0       0       0       0
Total ram usage:        0 bytes
 Hardware stack levels required when called:    3
 This function calls:
		_startPWM1
		_startPWM2
 This function is called by:
		Startup code after reset
 This function uses a non-reentrant model


 *************** function _startPWM2 *****************
 Defined at:
		line 21 in file "batch.c"
 Parameters:    Size  Location     Type
  freq            4    0[BANK1 ] float 
  duty            2    4[BANK1 ] int 
 Auto vars:     Size  Location     Type
  periodt         4    6[BANK1 ] float 
 Return value:  Size  Location     Type
                  1    wreg      void 
 Registers used:
		wreg, status,2, status,0, btemp+1, pclath, cstack
 Tracked objects:
		On entry : 
		On exit  : 
		Unchanged: 
 Data sizes:     COMMON   BANK0   BANK1   BANK3   BANK2
      Params:         0       0       6       0       0
      Locals:         0       0       4       0       0
      Temps:          0       0       0       0       0
      Totals:         0       0      10       0       0
Total ram usage:       10 bytes
 Hardware stack levels used:    1
 Hardware stack levels required when called:    2
 This function calls:
		___fladd
		___fldiv
		___flmul
		___fltol
 This function is called by:
		_main
 This function uses a non-reentrant model


 *************** function _startPWM1 *****************
 Defined at:
		line 14 in file "batch.c"
 Parameters:    Size  Location     Type
  freq            4    0[BANK1 ] float 
  duty            2    4[BANK1 ] int 
 Auto vars:     Size  Location     Type
  periodt         4    6[BANK1 ] float 
 Return value:  Size  Location     Type
                  1    wreg      void 
 Registers used:
		wreg, status,2, status,0, btemp+1, pclath, cstack
 Tracked objects:
		On entry : 
		On exit  : 
		Unchanged: 
 Data sizes:     COMMON   BANK0   BANK1   BANK3   BANK2
      Params:         0       0       6       0       0
      Locals:         0       0       4       0       0
      Temps:          0       0       0       0       0
      Totals:         0       0      10       0       0
Total ram usage:       10 bytes
 Hardware stack levels used:    1
 Hardware stack levels required when called:    2
 This function calls:
		___fladd
		___fldiv
		___flmul
		___fltol
 This function is called by:
		_main
 This function uses a non-reentrant model


 *************** function ___fltol *****************
 Defined at:
		line 43 in file "C:\Program Files\Microchip\xc8\v2.30\pic\sources\c90\common\fltol.c"
 Parameters:    Size  Location     Type
  f1              4   67[BANK0 ] void 
 Auto vars:     Size  Location     Type
  exp1            1   77[BANK0 ] unsigned char 
  sign1           1   76[BANK0 ] unsigned char 
 Return value:  Size  Location     Type
                  4   67[BANK0 ] long 
 Registers used:
		wreg, status,2, status,0
 Tracked objects:
		On entry : 
		On exit  : 
		Unchanged: 
 Data sizes:     COMMON   BANK0   BANK1   BANK3   BANK2
      Params:         0       4       0       0       0
      Locals:         0       2       0       0       0
      Temps:          0       5       0       0       0
      Totals:         0      11       0       0       0
Total ram usage:       11 bytes
 Hardware stack levels used:    1
 This function calls:
		Nothing
 This function is called by:
		_startPWM1
		_startPWM2
 This function uses a non-reentrant model


 *************** function ___flmul *****************
 Defined at:
		line 8 in file "C:\Program Files\Microchip\xc8\v2.30\pic\sources\c90\common\sprcmul.c"
 Parameters:    Size  Location     Type
  b               4    0[BANK0 ] long 
  a               4    4[BANK0 ] long 
 Auto vars:     Size  Location     Type
  prod            4   15[BANK0 ] struct .
  grs             4    9[BANK0 ] unsigned long 
  temp            2   19[BANK0 ] struct .
  bexp            1   14[BANK0 ] unsigned char 
  aexp            1   13[BANK0 ] unsigned char 
  sign            1    8[BANK0 ] unsigned char 
 Return value:  Size  Location     Type
                  4    0[BANK0 ] unsigned char 
 Registers used:
		wreg, status,2, status,0, btemp+1, pclath, cstack
 Tracked objects:
		On entry : 
		On exit  : 
		Unchanged: 
 Data sizes:     COMMON   BANK0   BANK1   BANK3   BANK2
      Params:         0       8       0       0       0
      Locals:         0      13       0       0       0
      Temps:          5       0       0       0       0
      Totals:         5      21       0       0       0
Total ram usage:       26 bytes
 Hardware stack levels used:    1
 Hardware stack levels required when called:    1
 This function calls:
		__Umul8_16
 This function is called by:
		_startPWM1
		_startPWM2
 This function uses a non-reentrant model


 *************** function __Umul8_16 *****************
 Defined at:
		line 4 in file "C:\Program Files\Microchip\xc8\v2.30\pic\sources\c90\common\Umul8_16.c"
 Parameters:    Size  Location     Type
  multiplier      1    wreg     unsigned char 
  multiplicand    1    0[COMMON] unsigned char 
 Auto vars:     Size  Location     Type
  multiplier      1    8[COMMON] unsigned char 
  word_mpld       2    6[COMMON] unsigned int 
  product         2    4[COMMON] unsigned int 
 Return value:  Size  Location     Type
                  2    0[COMMON] unsigned int 
 Registers used:
		wreg, status,2, status,0
 Tracked objects:
		On entry : 
		On exit  : 
		Unchanged: 
 Data sizes:     COMMON   BANK0   BANK1   BANK3   BANK2
      Params:         2       0       0       0       0
      Locals:         5       0       0       0       0
      Temps:          2       0       0       0       0
      Totals:         9       0       0       0       0
Total ram usage:        9 bytes
 Hardware stack levels used:    1
 This function calls:
		Nothing
 This function is called by:
		___flmul
 This function uses a non-reentrant model


 *************** function ___fldiv *****************
 Defined at:
		line 8 in file "C:\Program Files\Microchip\xc8\v2.30\pic\sources\c90\common\sprcdiv.c"
 Parameters:    Size  Location     Type
  a               4   21[BANK0 ] unsigned int 
  b               4   25[BANK0 ] unsigned int 
 Auto vars:     Size  Location     Type
  grs             4   41[BANK0 ] unsigned long 
  rem             4   34[BANK0 ] unsigned long 
  new_exp         2   39[BANK0 ] int 
  aexp            1   46[BANK0 ] unsigned char 
  bexp            1   45[BANK0 ] unsigned char 
  sign            1   38[BANK0 ] unsigned char 
 Return value:  Size  Location     Type
                  4   21[BANK0 ] unsigned char 
 Registers used:
		wreg, status,2, status,0, btemp+1
 Tracked objects:
		On entry : 
		On exit  : 
		Unchanged: 
 Data sizes:     COMMON   BANK0   BANK1   BANK3   BANK2
      Params:         0       8       0       0       0
      Locals:         0      13       0       0       0
      Temps:          0       5       0       0       0
      Totals:         0      26       0       0       0
Total ram usage:       26 bytes
 Hardware stack levels used:    1
 This function calls:
		Nothing
 This function is called by:
		_startPWM1
		_startPWM2
 This function uses a non-reentrant model


 *************** function ___fladd *****************
 Defined at:
		line 10 in file "C:\Program Files\Microchip\xc8\v2.30\pic\sources\c90\common\sprcadd.c"
 Parameters:    Size  Location     Type
  b               4   47[BANK0 ] unsigned char 
  a               4   51[BANK0 ] unsigned char 
 Auto vars:     Size  Location     Type
  grs             1   66[BANK0 ] unsigned char 
  bexp            1   65[BANK0 ] unsigned char 
  aexp            1   64[BANK0 ] unsigned char 
  signs           1   63[BANK0 ] unsigned char 
 Return value:  Size  Location     Type
                  4   47[BANK0 ] unsigned char 
 Registers used:
		wreg, status,2, status,0, btemp+1
 Tracked objects:
		On entry : 
		On exit  : 
		Unchanged: 
 Data sizes:     COMMON   BANK0   BANK1   BANK3   BANK2
      Params:         0       8       0       0       0
      Locals:         0       4       0       0       0
      Temps:          0       8       0       0       0
      Totals:         0      20       0       0       0
Total ram usage:       20 bytes
 Hardware stack levels used:    1
 This function calls:
		Nothing
 This function is called by:
		_startPWM1
		_startPWM2
 This function uses a non-reentrant model



MODULE INFORMATION

Module		Function		Class		Link	Load	Size
batch.c
		_startPWM1     		CODE           	0EA6	0000	173
		_startPWM2     		CODE           	0F53	0000	173
		_main          		CODE           	0008	0000	46

batch.c estimated size: 392

C:\Program Files\Microchip\xc8\v2.30\pic\sources\c90\common\sprcmul.c
		___flmul       		CODE           	049B	0000	865

C:\Program Files\Microchip\xc8\v2.30\pic\sources\c90\common\sprcmul.c estimated size: 865

C:\Program Files\Microchip\xc8\v2.30\pic\sources\c90\common\sprcdiv.c
		___fldiv       		CODE           	0036	0000	477

C:\Program Files\Microchip\xc8\v2.30\pic\sources\c90\common\sprcdiv.c estimated size: 477

C:\Program Files\Microchip\xc8\v2.30\pic\sources\c90\common\fltol.c
		___fltol       		CODE           	0E2A	0000	124

C:\Program Files\Microchip\xc8\v2.30\pic\sources\c90\common\fltol.c estimated size: 124

C:\Program Files\Microchip\xc8\v2.30\pic\sources\c90\common\sprcadd.c
		___fladd       		CODE           	0213	0000	648

C:\Program Files\Microchip\xc8\v2.30\pic\sources\c90\common\sprcadd.c estimated size: 648

shared
		__initialization		CODE           	07FC	0000	1

shared estimated size: 1

C:\Program Files\Microchip\xc8\v2.30\pic\sources\c90\common\Umul8_16.c
		__Umul8_16     		CODE           	0E03	0000	39

C:\Program Files\Microchip\xc8\v2.30\pic\sources\c90\common\Umul8_16.c estimated size: 39

